
Processing: user_runstring = ./Portfolio.py --pdt --pfile demo_data_file.xml


Processing: --pdt True

  ------------------------------
  TBD: This feature needs work based on this slightly revised hierarchy:

  top:{
     Investments:[
        { Investment:
          { status:active,

  tree['top']['Investments'][3]['Investment']['status']
  ------------------------------

  Real tree:

  
top:{ # dict
   Portfolio_version:20170222,
   Investments[ # list
      Investment:{ # dict
         filename:demo_data_file.xml,
         file_line_num:4,
         account_ID:777,
         asset_class:Healthcare,
         brokerage:Vanguard,
         cost_basis[ # list
            cb_event:{ # dict
               cb_date:00000000,
               cb_event_type:purchase,
               cb_quantity:10.0,
               cb_reason:TBD_cost_basis,
               cb_share_price:0.00,
               cb_total_value:0.00,
            }, # dict:cb_event
         ], # list:cost_basis
         curr_quantity:50.0,
         curr_share_price:82.71,
         curr_total_value:4135.50,
         description:TBD,
         history:TBD_history,
         inv_ID:1,
         name:Vanguard Healthcare,
         name_short:Vanguard Healthcare,
         owner:owner2,
         owner_short:os2,
         retirement_class:SEP_IRA,
         retirement_class_short:SEP_IRA,
         status:active,
         symbol:VGHAX,
         total_value_hi:{ # dict
            tvh_date:,
            tvh_quantity:,
            tvh_share_price:,
            tvh_total_value:0.00,
         }, # dict:total_value_hi
      }, # dict:Investment
      Investment:{ # dict
         filename:demo_data_file.xml,
         file_line_num:41,
         account_ID:2777,
         asset_class:Small_Blend,
         brokerage:Vanguard,
         cost_basis[ # list
            cb_event:{ # dict
               cb_date:00000000,
               cb_event_type:purchase,
               cb_gain_loss:15.53,
               cb_quantity:30.0,
               cb_reason:TBD_cost_basis,
               cb_share_price:53.73,
               cb_total_value:1611.90,
            }, # dict:cb_event
         ], # list:cost_basis
         curr_quantity:70.0,
         curr_share_price:63.96,
         curr_total_value:4477.20,
         description:TBD,
         history:TBD_history,
         inv_ID:3,
         name:Vanguard Small-Cap Idx,
         name_short:Vanguard Small Idx,
         owner:owner2,
         owner_short:os2,
         retirement_class:Traditional_IRA,
         retirement_class_short:Trad_IRA,
         status:active,
         symbol:NAESX,
         total_value_hi:{ # dict
            tvh_date:,
            tvh_quantity:,
            tvh_share_price:,
            tvh_total_value:0.00,
         }, # dict:total_value_hi
      }, # dict:Investment
      Investment:{ # dict
         filename:demo_data_file.xml,
         file_line_num:79,
         account_ID:3777,
         asset_class:REIT,
         brokerage:Vanguard,
         cost_basis[ # list
            cb_event:{ # dict
               cb_date:00000000,
               cb_event_type:purchase,
               cb_quantity:40.0,
               cb_reason:TBD_cost_basis,
               cb_share_price:0.00,
               cb_total_value:0.00,
            }, # dict:cb_event
         ], # list:cost_basis
         curr_quantity:80.0,
         curr_share_price:118.78,
         curr_total_value:9502.40,
         description:TBD,
         history:TBD_history,
         inv_ID:4,
         name:Vanguard REIT,
         name_short:Vanguard REIT,
         owner:owner1,
         owner_short:os1,
         retirement_class:SEP_IRA,
         retirement_class_short:SEP_IRA,
         status:active,
         symbol:VGSLX,
         total_value_hi:{ # dict
            tvh_date:,
            tvh_quantity:,
            tvh_share_price:,
            tvh_total_value:0.00,
         }, # dict:total_value_hi
      }, # dict:Investment
      Investment:{ # dict
         filename:demo_data_file.xml,
         file_line_num:116,
         account_ID:4777,
         asset_class:Global,
         brokerage:Vanguard,
         cost_basis[ # list
            cb_event:{ # dict
               cb_date:00000000,
               cb_event_type:purchase,
               cb_quantity:50.0,
               cb_reason:TBD_cost_basis,
               cb_share_price:0.00,
               cb_total_value:0.00,
            }, # dict:cb_event
         ], # list:cost_basis
         curr_quantity:90.0,
         curr_share_price:26.09,
         curr_total_value:2348.10,
         description:TBD,
         history:TBD_history,
         inv_ID:5,
         name:Vanguard Global Equity,
         name_short:Vanguard Global Equity,
         owner:owner2,
         owner_short:os2,
         retirement_class:SEP_IRA,
         retirement_class_short:SEP_IRA,
         status:active,
         symbol:VHGEX,
         total_value_hi:{ # dict
            tvh_date:,
            tvh_quantity:,
            tvh_share_price:,
            tvh_total_value:0.00,
         }, # dict:total_value_hi
      }, # dict:Investment
      Investment:{ # dict
         filename:demo_data_file.xml,
         file_line_num:153,
         account_ID:5777,
         asset_class:Small_Value,
         brokerage:Vanguard,
         cost_basis[ # list
            cb_event:{ # dict
               cb_date:00000000,
               cb_event_type:purchase,
               cb_quantity:60.0,
               cb_reason:TBD_cost_basis,
               cb_share_price:0.00,
               cb_total_value:0.00,
            }, # dict:cb_event
         ], # list:cost_basis
         curr_quantity:100.0,
         curr_share_price:29.70,
         curr_total_value:2970.00,
         description:TBD,
         history:TBD_history,
         inv_ID:6,
         name:Vanguard Small-Cap Value Idx,
         name_short:Vanguard Small-Cap Val Idx,
         owner:owner1,
         owner_short:os1,
         retirement_class:Traditional_IRA,
         retirement_class_short:Trad_IRA,
         status:active,
         symbol:VISVX,
         total_value_hi:{ # dict
            tvh_date:,
            tvh_quantity:,
            tvh_share_price:,
            tvh_total_value:0.00,
         }, # dict:total_value_hi
      }, # dict:Investment
      Investment:{ # dict
         filename:demo_data_file.xml,
         file_line_num:190,
         account_ID:6777,
         asset_class:REIT,
         brokerage:Vanguard,
         cost_basis[ # list
            cb_event:{ # dict
               cb_date:00000000,
               cb_event_type:purchase,
               cb_quantity:70.0,
               cb_reason:TBD_cost_basis,
               cb_share_price:0.00,
               cb_total_value:0.00,
            }, # dict:cb_event
         ], # list:cost_basis
         curr_quantity:110.0,
         curr_share_price:27.84,
         curr_total_value:3062.40,
         description:TBD,
         history:TBD_history,
         inv_ID:7,
         name:Vanguard REIT,
         name_short:Vanguard REIT,
         owner:owner2,
         owner_short:os2,
         retirement_class:Traditional_IRA,
         retirement_class_short:Trad_IRA,
         status:active,
         symbol:VGSIX,
         total_value_hi:{ # dict
            tvh_date:,
            tvh_quantity:,
            tvh_share_price:,
            tvh_total_value:0.00,
         }, # dict:total_value_hi
      }, # dict:Investment
      Investment:{ # dict
         filename:demo_data_file.xml,
         file_line_num:227,
         account_ID:7777,
         asset_class:Mid_Growth,
         brokerage:Vanguard,
         cost_basis[ # list
            cb_event:{ # dict
               cb_date:00000000,
               cb_event_type:purchase,
               cb_quantity:80.0,
               cb_reason:TBD_cost_basis,
               cb_share_price:0.00,
               cb_total_value:0.00,
            }, # dict:cb_event
         ], # list:cost_basis
         curr_quantity:120.0,
         curr_share_price:23.48,
         curr_total_value:2817.60,
         description:TBD,
         history:TBD_history,
         inv_ID:8,
         name:Vanguard Mid-Cap Growth,
         name_short:Vanguard Mid-Cap Growth,
         owner:owner1,
         owner_short:os1,
         retirement_class:Traditional_IRA,
         retirement_class_short:Trad_IRA,
         status:active,
         symbol:VMGRX,
         total_value_hi:{ # dict
            tvh_date:,
            tvh_quantity:,
            tvh_share_price:,
            tvh_total_value:0.00,
         }, # dict:total_value_hi
      }, # dict:Investment
      Investment:{ # dict
         filename:demo_data_file.xml,
         file_line_num:264,
         account_ID:8777,
         asset_class:Mid_Growth,
         brokerage:Vanguard,
         cost_basis[ # list
            cb_event:{ # dict
               cb_date:00000000,
               cb_event_type:purchase,
               cb_quantity:90.0,
               cb_reason:TBD_cost_basis,
               cb_share_price:0.00,
               cb_total_value:0.00,
            }, # dict:cb_event
         ], # list:cost_basis
         curr_quantity:130.0,
         curr_share_price:23.48,
         curr_total_value:3052.40,
         description:TBD,
         history:TBD_history,
         inv_ID:9,
         name:Vanguard Mid-Cap Growth,
         name_short:Vanguard Mid-Cap Growth,
         owner:owner2,
         owner_short:os2,
         retirement_class:Traditional_IRA,
         retirement_class_short:Trad_IRA,
         status:active,
         symbol:VMGRX,
         total_value_hi:{ # dict
            tvh_date:,
            tvh_quantity:,
            tvh_share_price:,
            tvh_total_value:0.00,
         }, # dict:total_value_hi
      }, # dict:Investment
      Investment:{ # dict
         filename:demo_data_file.xml,
         file_line_num:301,
         account_ID:9777,
         asset_class:Large_Growth,
         brokerage:Fidelity,
         cost_basis[ # list
            cb_event:{ # dict
               cb_date:00000000,
               cb_event_type:purchase,
               cb_quantity:100.0,
               cb_reason:TBD_cost_basis,
               cb_share_price:57.91,
               cb_total_value:5791.00,
            }, # dict:cb_event
         ], # list:cost_basis
         curr_quantity:140.0,
         curr_share_price:104.60,
         curr_total_value:14644.00,
         description:TBD,
         history:TBD_history,
         inv_ID:13,
         name:Fidelity Contrafund,
         name_short:Fidelity Contrafund,
         owner:owner1,
         owner_short:os1,
         retirement_class:Non_Retirement,
         retirement_class_short:Non_Ret,
         status:active,
         symbol:FCNTX,
         total_value_hi:{ # dict
            tvh_date:,
            tvh_quantity:,
            tvh_share_price:,
            tvh_total_value:0.00,
         }, # dict:total_value_hi
      }, # dict:Investment
      Investment:{ # dict
         filename:demo_data_file.xml,
         file_line_num:338,
         account_ID:10777,
         asset_class:Mid_Growth,
         brokerage:Fidelity,
         cost_basis[ # list
            cb_event:{ # dict
               cb_date:00000000,
               cb_event_type:purchase,
               cb_quantity:110.0,
               cb_reason:TBD_cost_basis,
               cb_share_price:28.76,
               cb_total_value:3163.60,
            }, # dict:cb_event
         ], # list:cost_basis
         curr_quantity:150.0,
         curr_share_price:37.42,
         curr_total_value:5613.00,
         description:TBD,
         history:TBD_history,
         inv_ID:14,
         name:Fidelity New Millennium,
         name_short:Fidelity New Millennium,
         owner:owner2,
         owner_short:os2,
         retirement_class:Non_Retirement,
         retirement_class_short:Non_Ret,
         status:active,
         symbol:FMILX,
         tvh_total_value:0.00,
      }, # dict:Investment
      Investment:{ # dict
         filename:demo_data_file.xml,
         file_line_num:370,
         account_ID:13777,
         asset_class:Individual_Stocks,
         brokerage:Schwab,
         cost_basis[ # list
            cb_event:{ # dict
               cb_date:00000000,
               cb_event_type:purchase,
               cb_quantity:140.0,
               cb_reason:TBD_cost_basis,
               cb_share_price:0.00,
               cb_total_value:0.00,
            }, # dict:cb_event
         ], # list:cost_basis
         curr_quantity:180.0,
         curr_share_price:143.77,
         curr_total_value:25878.60,
         description:TBD,
         history:TBD_history,
         inv_ID:18,
         name:Netflix,
         name_short:Netflix,
         owner:owner1,
         owner_short:os1,
         retirement_class:Non_Retirement,
         retirement_class_short:Non_Ret,
         status:active,
         symbol:NFLX,
         tvh_total_value:0.00,
      }, # dict:Investment
      Investment:{ # dict
         filename:demo_data_file.xml,
         file_line_num:402,
         account_ID:14777,
         asset_class:Mid_Growth,
         brokerage:Vanguard,
         cost_basis[ # list
            cb_event:{ # dict
               cb_date:00000000,
               cb_event_type:purchase,
               cb_gain_loss:220.24,
               cb_quantity:150.0,
               cb_reason:TBD_cost_basis,
               cb_share_price:41.11,
               cb_total_value:6166.50,
            }, # dict:cb_event
         ], # list:cost_basis
         curr_quantity:190.0,
         curr_share_price:57.01,
         curr_total_value:10831.90,
         description:TBD,
         history:TBD_history,
         inv_ID:19,
         name:Vanguard Capital Opportunity,
         name_short:Vanguard Capital Opportunity,
         owner:owner2,
         owner_short:os2,
         retirement_class:Non_Retirement,
         retirement_class_short:Non_Ret,
         status:active,
         symbol:VHCOX,
         tvh_total_value:0.00,
      }, # dict:Investment
      Investment:{ # dict
         filename:demo_data_file.xml,
         file_line_num:435,
         account_ID:15777,
         asset_class:Energy,
         brokerage:Vanguard,
         cost_basis[ # list
            cb_event:{ # dict
               cb_date:00000000,
               cb_event_type:purchase,
               cb_quantity:160.0,
               cb_reason:TBD_cost_basis,
               cb_share_price:0.00,
               cb_total_value:0.00,
            }, # dict:cb_event
         ], # list:cost_basis
         curr_quantity:200.0,
         curr_share_price:99.49,
         curr_total_value:19898.00,
         description:TBD,
         history:TBD_history,
         inv_ID:20,
         name:Vanguard Energy,
         name_short:Vanguard Energy,
         owner:owner1,
         owner_short:os1,
         retirement_class:Non_Retirement,
         retirement_class_short:Non_Ret,
         status:active,
         symbol:VGELX,
         tvh_total_value:0.00,
      }, # dict:Investment
      Investment:{ # dict
         filename:demo_data_file.xml,
         file_line_num:467,
         account_ID:16777,
         asset_class:Large_Value,
         brokerage:Vanguard,
         cost_basis[ # list
            cb_event:{ # dict
               cb_date:00000000,
               cb_event_type:purchase,
               cb_gain_loss:892.22,
               cb_quantity:170.0,
               cb_reason:TBD_cost_basis,
               cb_share_price:0.00,
               cb_total_value:67872.31,
            }, # dict:cb_event
         ], # list:cost_basis
         curr_quantity:210.0,
         curr_share_price:69.66,
         curr_total_value:14628.60,
         description:TBD,
         history:TBD_history,
         inv_ID:21,
         name:Vanguard Equity Income,
         name_short:Vanguard Equity Income,
         owner:owner2,
         owner_short:os2,
         retirement_class:Non_Retirement,
         retirement_class_short:Non_Ret,
         status:active,
         symbol:VEIRX,
         tvh_total_value:0.00,
      }, # dict:Investment
      Investment:{ # dict
         filename:demo_data_file.xml,
         file_line_num:500,
         account_ID:17777,
         asset_class:Mid_Blend_Aggress,
         brokerage:Vanguard,
         cost_basis[ # list
            cb_event:{ # dict
               cb_date:00000000,
               cb_event_type:purchase,
               cb_quantity:180.0,
               cb_reason:TBD_cost_basis,
               cb_share_price:0.00,
               cb_total_value:0.00,
            }, # dict:cb_event
         ], # list:cost_basis
         curr_quantity:220.0,
         curr_share_price:75.74,
         curr_total_value:16662.80,
         description:TBD,
         history:TBD_history,
         inv_ID:22,
         name:Vanguard Extended Market Idx,
         name_short:Vanguard Extended Mkt Idx,
         owner:owner1,
         owner_short:os1,
         retirement_class:Non_Retirement,
         retirement_class_short:Non_Ret,
         status:active,
         symbol:VEXAX,
         tvh_total_value:0.00,
      }, # dict:Investment
      Investment:{ # dict
         filename:demo_data_file.xml,
         file_line_num:532,
         account_ID:18777,
         asset_class:Global,
         brokerage:Vanguard,
         cost_basis[ # list
            cb_event:{ # dict
               cb_date:00000000,
               cb_event_type:purchase,
               cb_gain_loss:90.80,
               cb_quantity:190.0,
               cb_reason:TBD_cost_basis,
               cb_share_price:0.00,
               cb_total_value:63359.37,
            }, # dict:cb_event
         ], # list:cost_basis
         curr_quantity:230.0,
         curr_share_price:26.09,
         curr_total_value:6000.70,
         description:TBD,
         history:TBD_history,
         inv_ID:23,
         name:Vanguard Global Equity,
         name_short:Vanguard Global Equity,
         owner:owner2,
         owner_short:os2,
         retirement_class:Non_Retirement,
         retirement_class_short:Non_Ret,
         status:active,
         symbol:VHGEX,
         tvh_total_value:0.00,
      }, # dict:Investment
      Investment:{ # dict
         filename:demo_data_file.xml,
         file_line_num:565,
         account_ID:19777,
         asset_class:Global,
         brokerage:Vanguard,
         cost_basis[ # list
            cb_event:{ # dict
               cb_date:00000000,
               cb_event_type:purchase,
               cb_quantity:200.0,
               cb_reason:TBD_cost_basis,
               cb_share_price:0.00,
               cb_total_value:0.00,
            }, # dict:cb_event
         ], # list:cost_basis
         curr_quantity:240.0,
         curr_share_price:12.24,
         curr_total_value:2937.60,
         description:TBD,
         history:TBD_history,
         inv_ID:24,
         name:Vanguard Global Minimum Volatility,
         name_short:Vanguard Global Min Volatile,
         owner:owner1,
         owner_short:os1,
         retirement_class:Non_Retirement,
         retirement_class_short:Non_Ret,
         status:active,
         symbol:VMVFX,
         tvh_total_value:0.00,
      }, # dict:Investment
      Investment:{ # dict
         filename:demo_data_file.xml,
         file_line_num:597,
         account_ID:20777,
         asset_class:Large_Growth,
         brokerage:Vanguard,
         cost_basis[ # list
            cb_event:{ # dict
               cb_date:00000000,
               cb_event_type:purchase,
               cb_gain_loss:23.08,
               cb_quantity:210.0,
               cb_reason:TBD_cost_basis,
               cb_share_price:54.40,
               cb_total_value:11424.00,
            }, # dict:cb_event
         ], # list:cost_basis
         curr_quantity:250.0,
         curr_share_price:60.79,
         curr_total_value:15197.50,
         description:TBD,
         history:TBD_history,
         inv_ID:25,
         name:Vanguard Growth Idx,
         name_short:Vanguard Growth Idx,
         owner:owner2,
         owner_short:os2,
         retirement_class:Non_Retirement,
         retirement_class_short:Non_Ret,
         status:active,
         symbol:VIGAX,
         tvh_total_value:0.00,
      }, # dict:Investment
      Investment:{ # dict
         filename:demo_data_file.xml,
         file_line_num:630,
         account_ID:21777,
         asset_class:Healthcare,
         brokerage:Vanguard,
         cost_basis[ # list
            cb_event:{ # dict
               cb_date:00000000,
               cb_event_type:purchase,
               cb_quantity:220.0,
               cb_reason:TBD_cost_basis,
               cb_share_price:0.00,
               cb_total_value:0.00,
            }, # dict:cb_event
         ], # list:cost_basis
         curr_quantity:260.0,
         curr_share_price:82.71,
         curr_total_value:21504.60,
         description:TBD,
         history:TBD_history,
         inv_ID:26,
         name:Vanguard Healthcare,
         name_short:Vanguard Healthcare,
         owner:owner1,
         owner_short:os1,
         retirement_class:Non_Retirement,
         retirement_class_short:Non_Ret,
         status:active,
         symbol:VGHAX,
         tvh_total_value:0.00,
      }, # dict:Investment
      Investment:{ # dict
         filename:demo_data_file.xml,
         file_line_num:662,
         account_ID:22777,
         asset_class:Mid_Blend_Aggress,
         brokerage:Vanguard,
         cost_basis[ # list
            cb_event:{ # dict
               cb_date:00000000,
               cb_event_type:purchase,
               cb_gain_loss:152.76,
               cb_quantity:230.0,
               cb_reason:TBD_cost_basis,
               cb_share_price:0.00,
               cb_total_value:34955.87,
            }, # dict:cb_event
         ], # list:cost_basis
         curr_quantity:270.0,
         curr_share_price:171.16,
         curr_total_value:46213.20,
         description:TBD,
         history:TBD_history,
         inv_ID:27,
         name:Vanguard Mid-Cap Idx,
         name_short:Vanguard Mid-Cap Idx,
         owner:owner2,
         owner_short:os2,
         retirement_class:Non_Retirement,
         retirement_class_short:Non_Ret,
         status:active,
         symbol:VIMAX,
         tvh_total_value:0.00,
      }, # dict:Investment
      Investment:{ # dict
         filename:demo_data_file.xml,
         file_line_num:695,
         account_ID:23777,
         asset_class:Mid_Value,
         brokerage:Vanguard,
         cost_basis[ # list
            cb_event:{ # dict
               cb_date:00000000,
               cb_event_type:purchase,
               cb_quantity:240.0,
               cb_reason:TBD_cost_basis,
               cb_share_price:0.00,
               cb_total_value:0.00,
            }, # dict:cb_event
         ], # list:cost_basis
         curr_quantity:280.0,
         curr_share_price:52.42,
         curr_total_value:14677.60,
         description:TBD,
         history:TBD_history,
         inv_ID:28,
         name:Vanguard Mid-Cap Value,
         name_short:Vanguard Mid-Cap Value,
         owner:owner1,
         owner_short:os1,
         retirement_class:Non_Retirement,
         retirement_class_short:Non_Ret,
         status:active,
         symbol:VMVAX,
         tvh_total_value:0.00,
      }, # dict:Investment
      Investment:{ # dict
         filename:demo_data_file.xml,
         file_line_num:727,
         account_ID:24777,
         asset_class:REIT,
         brokerage:Vanguard,
         cost_basis[ # list
            cb_event:{ # dict
               cb_date:00000000,
               cb_event_type:purchase,
               cb_gain_loss:514.94,
               cb_quantity:250.0,
               cb_reason:TBD_cost_basis,
               cb_share_price:0.00,
               cb_total_value:72725.62,
            }, # dict:cb_event
         ], # list:cost_basis
         curr_quantity:290.0,
         curr_share_price:118.78,
         curr_total_value:34446.20,
         description:TBD,
         history:TBD_history,
         inv_ID:29,
         name:Vanguard REIT,
         name_short:Vanguard REIT,
         owner:owner2,
         owner_short:os2,
         retirement_class:Non_Retirement,
         retirement_class_short:Non_Ret,
         status:active,
         symbol:VGSLX,
         tvh_total_value:0.00,
      }, # dict:Investment
      Investment:{ # dict
         filename:demo_data_file.xml,
         file_line_num:760,
         account_ID:25777,
         asset_class:Mid_Value,
         brokerage:Vanguard,
         cost_basis[ # list
            cb_event:{ # dict
               cb_date:00000000,
               cb_event_type:purchase,
               cb_quantity:260.0,
               cb_reason:TBD_cost_basis,
               cb_share_price:0.00,
               cb_total_value:0.00,
            }, # dict:cb_event
         ], # list:cost_basis
         curr_quantity:300.0,
         curr_share_price:30.09,
         curr_total_value:9027.00,
         description:TBD,
         history:TBD_history,
         inv_ID:30,
         name:Vanguard Selected Value,
         name_short:Vanguard Selected Value,
         owner:owner1,
         owner_short:os1,
         retirement_class:Non_Retirement,
         retirement_class_short:Non_Ret,
         status:active,
         symbol:VASVX,
         tvh_total_value:0.00,
      }, # dict:Investment
      Investment:{ # dict
         filename:demo_data_file.xml,
         file_line_num:792,
         account_ID:26777,
         asset_class:Small_Growth,
         brokerage:Vanguard,
         cost_basis[ # list
            cb_event:{ # dict
               cb_date:20110921,
               cb_event_type:purchase,
               cb_owner:Joint,
               cb_quantity:270.0,
               cb_reason:Purchased,
               cb_retirement_class:Non_Retirement,
               cb_share_price:19.73,
               cb_symbol:VISGX,
               cb_total_value:5524.40,
            }, # dict:cb_event
            cb_event:{ # dict
               cb_date:20111121,
               cb_event_type:conversion,
               cb_owner:Joint,
               cb_quantity:280.0,
               cb_reason:Converted from Investor shares to Admiral shares,
               cb_retirement_class:Non_Retirement,
               cb_share_price:19.73,
               cb_symbol:VSGAX,
               cb_total_value:5524.40,
            }, # dict:cb_event
         ], # list:cost_basis
         curr_quantity:310.0,
         curr_share_price:49.17,
         curr_total_value:15242.70,
         description:TBD,
         history:TBD_history,
         inv_ID:31,
         name:Vanguard Small-Cap Growth Idx Fund,
         name_short:Vanguard Small Growth Idx,
         owner:owner2,
         owner_short:os2,
         retirement_class:Non_Retirement,
         retirement_class_short:Non_Ret,
         status:active,
         symbol:VSGAX,
         tvh_total_value:0.00,
      }, # dict:Investment
      Investment:{ # dict
         filename:demo_data_file.xml,
         file_line_num:838,
         account_ID:27777,
         asset_class:Small_Value,
         brokerage:Vanguard,
         cost_basis[ # list
            cb_event:{ # dict
               cb_date:00000000,
               cb_event_type:purchase,
               cb_quantity:290.0,
               cb_reason:TBD_cost_basis,
               cb_share_price:0.00,
               cb_total_value:0.00,
            }, # dict:cb_event
         ], # list:cost_basis
         curr_quantity:320.0,
         curr_share_price:53.24,
         curr_total_value:17036.80,
         description:TBD,
         history:TBD_history,
         inv_ID:32,
         name:Vanguard Small-Cap Value Idx,
         name_short:Vanguard Small-Cap Val Idx,
         owner:owner1,
         owner_short:os1,
         retirement_class:Non_Retirement,
         retirement_class_short:Non_Ret,
         status:active,
         symbol:VSIAX,
         tvh_total_value:0.00,
      }, # dict:Investment
      Investment:{ # dict
         filename:demo_data_file.xml,
         file_line_num:870,
         account_ID:28777,
         asset_class:Mid_Blend_Aggress,
         brokerage:Vanguard,
         cost_basis[ # list
            cb_event:{ # dict
               cb_date:00000000,
               cb_event_type:purchase,
               cb_gain_loss:155.25,
               cb_quantity:300.0,
               cb_reason:TBD_cost_basis,
               cb_share_price:0.00,
               cb_total_value:33515.16,
            }, # dict:cb_event
         ], # list:cost_basis
         curr_quantity:330.0,
         curr_share_price:33.63,
         curr_total_value:11097.90,
         description:TBD,
         history:TBD_history,
         inv_ID:33,
         name:Vanguard Strategic Equity,
         name_short:Vanguard Strategic Equity,
         owner:owner2,
         owner_short:os2,
         retirement_class:Non_Retirement,
         retirement_class_short:Non_Ret,
         status:active,
         symbol:VSEQX,
         tvh_total_value:0.00,
      }, # dict:Investment
      Investment:{ # dict
         filename:demo_data_file.xml,
         file_line_num:903,
         account_ID:29777,
         asset_class:Small_Blend,
         brokerage:Vanguard,
         cost_basis[ # list
            cb_event:{ # dict
               cb_date:00000000,
               cb_event_type:purchase,
               cb_quantity:310.0,
               cb_reason:TBD_cost_basis,
               cb_share_price:0.00,
               cb_total_value:0.00,
            }, # dict:cb_event
         ], # list:cost_basis
         curr_quantity:340.0,
         curr_share_price:55.94,
         curr_total_value:19019.60,
         description:TBD,
         history:TBD_history,
         inv_ID:34,
         name:Vanguard Tax-Managed Small-Cap Value,
         name_short:Vanguard Tax-Managed Sml Val,
         owner:owner1,
         owner_short:os1,
         retirement_class:Non_Retirement,
         retirement_class_short:Non_Ret,
         status:active,
         symbol:VTMSX,
         tvh_total_value:0.00,
      }, # dict:Investment
      Investment:{ # dict
         filename:demo_data_file.xml,
         file_line_num:935,
         account_ID:30777,
         asset_class:Large_Blend,
         brokerage:Vanguard,
         cost_basis[ # list
            cb_event:{ # dict
               cb_date:00000000,
               cb_event_type:purchase,
               cb_gain_loss:384.35,
               cb_quantity:320.0,
               cb_reason:TBD_cost_basis,
               cb_share_price:0.00,
               cb_total_value:59254.97,
            }, # dict:cb_event
         ], # list:cost_basis
         curr_quantity:350.0,
         curr_share_price:58.18,
         curr_total_value:20363.00,
         description:TBD,
         history:TBD_history,
         inv_ID:35,
         name:Vanguard Total Stock Market Idx,
         name_short:Vanguard Total Stock Mkt Idx,
         owner:owner2,
         owner_short:os2,
         retirement_class:Non_Retirement,
         retirement_class_short:Non_Ret,
         status:active,
         symbol:VTSAX,
         tvh_total_value:0.00,
      }, # dict:Investment
      Investment:{ # dict
         filename:demo_data_file.xml,
         file_line_num:968,
         account_ID:31777,
         asset_class:Large_Growth,
         brokerage:Fidelity,
         cost_basis[ # list
            cb_event:{ # dict
               cb_date:00000000,
               cb_event_type:purchase,
               cb_quantity:330.0,
               cb_reason:TBD_cost_basis,
               cb_share_price:19.75,
               cb_total_value:6517.50,
            }, # dict:cb_event
         ], # list:cost_basis
         curr_quantity:360.0,
         curr_share_price:104.60,
         curr_total_value:37656.00,
         description:TBD,
         history:TBD_history,
         inv_ID:36,
         name:Fidelity Contrafund,
         name_short:Fidelity Contrafund,
         owner:owner1,
         owner_short:os1,
         retirement_class:Traditional_IRA,
         retirement_class_short:Trad_IRA,
         status:active,
         symbol:FCNTX,
         tvh_total_value:0.00,
      }, # dict:Investment
      Investment:{ # dict
         filename:demo_data_file.xml,
         file_line_num:1000,
         account_ID:32777,
         asset_class:Mid_Value,
         brokerage:Fidelity,
         cost_basis[ # list
            cb_event:{ # dict
               cb_date:00000000,
               cb_event_type:purchase,
               cb_quantity:340.0,
               cb_reason:TBD_cost_basis,
               cb_share_price:12.68,
               cb_total_value:4311.20,
            }, # dict:cb_event
         ], # list:cost_basis
         curr_quantity:370.0,
         curr_share_price:50.88,
         curr_total_value:18825.60,
         description:TBD,
         history:TBD_history,
         inv_ID:37,
         name:Fidelity Low-Priced Stock,
         name_short:Fidelity Low-Priced Stock,
         owner:owner2,
         owner_short:os2,
         retirement_class:Traditional_IRA,
         retirement_class_short:Trad_IRA,
         status:active,
         symbol:FLPSX,
         tvh_total_value:0.00,
      }, # dict:Investment
      Investment:{ # dict
         filename:demo_data_file.xml,
         file_line_num:1032,
         account_ID:33777,
         asset_class:Large_Growth,
         brokerage:Fidelity,
         cost_basis[ # list
            cb_event:{ # dict
               cb_date:00000000,
               cb_event_type:purchase,
               cb_quantity:350.0,
               cb_reason:TBD_cost_basis,
               cb_share_price:0.00,
               cb_total_value:0.00,
            }, # dict:cb_event
         ], # list:cost_basis
         curr_quantity:380.0,
         curr_share_price:104.60,
         curr_total_value:39748.00,
         description:TBD,
         history:TBD_history,
         inv_ID:38,
         name:Fidelity Contrafund,
         name_short:Fidelity Contrafund,
         owner:owner1,
         owner_short:os1,
         retirement_class:Traditional 401K,
         retirement_class_short:Trad_401K,
         status:active,
         symbol:FCNTX,
         tvh_total_value:0.00,
      }, # dict:Investment
      Investment:{ # dict
         filename:demo_data_file.xml,
         file_line_num:1064,
         account_ID:34777,
         asset_class:Global,
         brokerage:Fidelity,
         cost_basis[ # list
            cb_event:{ # dict
               cb_date:00000000,
               cb_event_type:transfer,
               cb_quantity:360.0,
               cb_reason:TBD_cost_basis,
               cb_share_price:47.06,
               cb_total_value:17412.20,
            }, # dict:cb_event
            cb_event:{ # dict
               cb_date:00000000,
               cb_event_type:purchase,
               cb_quantity:370.0,
               cb_reason:TBD_cost_basis,
               cb_share_price:47.06,
               cb_total_value:17412.20,
            }, # dict:cb_event
         ], # list:cost_basis
         curr_quantity:390.0,
         curr_share_price:51.27,
         curr_total_value:19995.30,
         description:TBD,
         history:TBD_history,
         inv_ID:39,
         name:Fidelity Canada,
         name_short:Fidelity Canada,
         owner:owner2,
         owner_short:os2,
         retirement_class:Traditional_IRA,
         retirement_class_short:Trad_IRA,
         status:active,
         symbol:FICDX,
         tvh_total_value:0.00,
      }, # dict:Investment
      Investment:{ # dict
         filename:demo_data_file.xml,
         file_line_num:1104,
         account_ID:35777,
         asset_class:Energy,
         brokerage:Vanguard,
         cost_basis[ # list
            cb_event:{ # dict
               cb_date:00000000,
               cb_event_type:purchase,
               cb_quantity:380.0,
               cb_reason:TBD_cost_basis,
               cb_share_price:0.00,
               cb_total_value:0.00,
            }, # dict:cb_event
         ], # list:cost_basis
         curr_quantity:400.0,
         curr_share_price:53.02,
         curr_total_value:21208.00,
         description:TBD,
         history:TBD_history,
         inv_ID:42,
         name:Vanguard Energy,
         name_short:Vanguard Energy,
         owner:owner1,
         owner_short:os1,
         retirement_class:Traditional_IRA,
         retirement_class_short:Trad_IRA,
         status:active,
         symbol:VGENX,
         tvh_total_value:0.00,
      }, # dict:Investment
      Investment:{ # dict
         filename:demo_data_file.xml,
         file_line_num:1136,
         account_ID:36777,
         asset_class:REIT,
         brokerage:Vanguard,
         cost_basis[ # list
            cb_event:{ # dict
               cb_date:00000000,
               cb_event_type:purchase,
               cb_quantity:390.0,
               cb_reason:TBD_cost_basis,
               cb_share_price:0.00,
               cb_total_value:0.00,
            }, # dict:cb_event
         ], # list:cost_basis
         curr_quantity:410.0,
         curr_share_price:27.84,
         curr_total_value:11414.40,
         description:TBD,
         history:TBD_history,
         inv_ID:43,
         name:Vanguard REIT,
         name_short:Vanguard REIT,
         owner:owner2,
         owner_short:os2,
         retirement_class:Traditional_IRA,
         retirement_class_short:Trad_IRA,
         status:active,
         symbol:VGSIX,
         tvh_total_value:0.00,
      }, # dict:Investment
      Investment:{ # dict
         filename:demo_data_file.xml,
         file_line_num:1168,
         account_ID:37777,
         asset_class:Mid_Value,
         asset_class_from_web:Mid-Cap Blend,
         brokerage:Vanguard,
         cost_basis[ # list
            cb_event:{ # dict
               cb_date:00000000,
               cb_event_type:purchase,
               cb_quantity:400.0,
               cb_reason:TBD_cost_basis,
               cb_share_price:0.00,
               cb_total_value:0.00,
            }, # dict:cb_event
         ], # list:cost_basis
         curr_quantity:420.0,
         curr_share_price:12.29,
         curr_total_value:5161.80,
         description:TBD,
         history:TBD_history,
         inv_ID:44,
         name:Vanguard Capital Value,
         name_short:Vanguard Capital Value,
         owner:owner1,
         owner_short:os1,
         retirement_class:Traditional_IRA,
         retirement_class_short:Trad_IRA,
         status:active,
         symbol:VCVLX,
         tvh_total_value:0.00,
      }, # dict:Investment
      Investment:{ # dict
         filename:demo_data_file.xml,
         file_line_num:1201,
         account_ID:38777,
         asset_class:Large_Blend,
         brokerage:Vanguard,
         cost_basis[ # list
            cb_event:{ # dict
               cb_date:00000000,
               cb_event_type:purchase,
               cb_gain_loss:73.28,
               cb_quantity:410.0,
               cb_reason:TBD_cost_basis,
               cb_share_price:17.72,
               cb_total_value:7265.20,
            }, # dict:cb_event
         ], # list:cost_basis
         curr_quantity:430.0,
         curr_share_price:24.11,
         curr_total_value:10367.30,
         description:TBD,
         history:TBD_history,
         inv_ID:45,
         name:Vanguard Dividend Growth,
         name_short:Vanguard Dividend Growth,
         owner:owner2,
         owner_short:os2,
         retirement_class:Traditional_IRA,
         retirement_class_short:Trad_IRA,
         status:active,
         symbol:VDIGX,
         tvh_total_value:0.00,
      }, # dict:Investment
      Investment:{ # dict
         filename:demo_data_file.xml,
         file_line_num:1234,
         account_ID:39777,
         asset_class:Large_Value,
         brokerage:Vanguard,
         cost_basis[ # list
            cb_event:{ # dict
               cb_date:00000000,
               cb_event_type:purchase,
               cb_quantity:420.0,
               cb_reason:TBD_cost_basis,
               cb_share_price:0.00,
               cb_total_value:0.00,
            }, # dict:cb_event
         ], # list:cost_basis
         curr_quantity:440.0,
         curr_share_price:33.23,
         curr_total_value:14621.20,
         description:TBD,
         history:TBD_history,
         inv_ID:46,
         name:Vanguard Equity Income,
         name_short:Vanguard Equity Income,
         owner:owner1,
         owner_short:os1,
         retirement_class:Traditional_IRA,
         retirement_class_short:Trad_IRA,
         status:active,
         symbol:VEIPX,
         tvh_total_value:0.00,
      }, # dict:Investment
      Investment:{ # dict
         filename:demo_data_file.xml,
         file_line_num:1266,
         account_ID:40777,
         asset_class:Global,
         brokerage:Vanguard,
         cost_basis[ # list
            cb_event:{ # dict
               cb_date:00000000,
               cb_event_type:purchase,
               cb_quantity:430.0,
               cb_reason:TBD_cost_basis,
               cb_share_price:0.00,
               cb_total_value:0.00,
            }, # dict:cb_event
         ], # list:cost_basis
         curr_quantity:450.0,
         curr_share_price:26.09,
         curr_total_value:11740.50,
         description:TBD,
         history:TBD_history,
         inv_ID:47,
         name:Vanguard Global Equity,
         name_short:Vanguard Global Equity,
         owner:owner2,
         owner_short:os2,
         retirement_class:Traditional_IRA,
         retirement_class_short:Trad_IRA,
         status:active,
         symbol:VHGEX,
         tvh_total_value:0.00,
      }, # dict:Investment
      Investment:{ # dict
         filename:demo_data_file.xml,
         file_line_num:1298,
         account_ID:41777,
         asset_class:Small_Growth,
         brokerage:Vanguard,
         cost_basis[ # list
            cb_event:{ # dict
               cb_date:00000000,
               cb_event_type:purchase,
               cb_gain_loss:6.62,
               cb_quantity:440.0,
               cb_reason:TBD_cost_basis,
               cb_share_price:21.47,
               cb_total_value:9446.80,
            }, # dict:cb_event
         ], # list:cost_basis
         curr_quantity:460.0,
         curr_share_price:39.33,
         curr_total_value:18091.80,
         description:TBD,
         history:TBD_history,
         inv_ID:48,
         name:Vanguard Small-Cap Growth Idx Fund,
         name_short:Vanguard Small Growth Idx,
         owner:owner1,
         owner_short:os1,
         retirement_class:Traditional_IRA,
         retirement_class_short:Trad_IRA,
         status:active,
         symbol:VISGX,
         tvh_total_value:0.00,
      }, # dict:Investment
      Investment:{ # dict
         filename:demo_data_file.xml,
         file_line_num:1331,
         account_ID:42777,
         asset_class:REIT,
         brokerage:Vanguard,
         cost_basis[ # list
            cb_event:{ # dict
               cb_date:00000000,
               cb_event_type:purchase,
               cb_quantity:450.0,
               cb_reason:TBD_cost_basis,
               cb_share_price:0.00,
               cb_total_value:0.00,
            }, # dict:cb_event
         ], # list:cost_basis
         curr_quantity:470.0,
         curr_share_price:118.78,
         curr_total_value:55826.60,
         description:TBD,
         history:TBD_history,
         inv_ID:49,
         name:Vanguard REIT,
         name_short:Vanguard REIT,
         owner:owner2,
         owner_short:os2,
         retirement_class:Traditional_IRA,
         retirement_class_short:Trad_IRA,
         status:active,
         symbol:VGSLX,
         tvh_total_value:0.00,
      }, # dict:Investment
      Investment:{ # dict
         filename:demo_data_file.xml,
         file_line_num:1363,
         account_ID:43777,
         asset_class:Mid_Growth,
         brokerage:Vanguard,
         cost_basis[ # list
            cb_event:{ # dict
               cb_date:00000000,
               cb_event_type:purchase,
               cb_gain_loss:0.00,
               cb_quantity:460.0,
               cb_reason:TBD_cost_basis,
               cb_share_price:0.00,
               cb_total_value:0.00,
            }, # dict:cb_event
         ], # list:cost_basis
         curr_quantity:480.0,
         curr_share_price:131.60,
         curr_total_value:63168.00,
         description:TBD,
         history:TBD_history,
         inv_ID:50,
         name:Vanguard Capital Opportunity,
         name_short:Vanguard Capital Opportunity,
         owner:owner1,
         owner_short:os1,
         retirement_class:Rollover_IRA,
         retirement_class_short:Rollover,
         status:active,
         symbol:VHCAX,
         tvh_total_value:0.00,
      }, # dict:Investment
      Investment:{ # dict
         filename:demo_data_file.xml,
         file_line_num:1396,
         account_ID:44777,
         asset_class:Small_Growth,
         brokerage:Vanguard,
         cost_basis[ # list
            cb_event:{ # dict
               cb_date:00000000,
               cb_event_type:purchase,
               cb_quantity:470.0,
               cb_reason:Baron Fund,
               cb_share_price:0.00,
               cb_total_value:10080.00,
            }, # dict:cb_event
            cb_event:{ # dict
               cb_date:20110815,
               cb_event_type:conversion,
               cb_quantity:480.0,
               cb_reason:Baron Fund converted to Vanguard Small Growth Idx,
               cb_share_price:21.00,
               cb_total_value:10080.00,
            }, # dict:cb_event
         ], # list:cost_basis
         curr_quantity:490.0,
         curr_share_price:49.17,
         curr_total_value:24093.30,
         description:TBD,
         history:TBD_history,
         inv_ID:51,
         name:Vanguard Small-Cap Growth Idx Fund Admiral,
         name_short:Vanguard Small Growth,
         owner:owner2,
         owner_short:os2,
         retirement_class:Rollover_IRA,
         retirement_class_short:Rollover,
         status:active,
         symbol:VSGAX,
         tvh_total_value:0.00,
      }, # dict:Investment
      Investment:{ # dict
         filename:demo_data_file.xml,
         file_line_num:1436,
         account_ID:45777,
         asset_class:Energy,
         brokerage:Vanguard,
         cost_basis[ # list
            cb_event:{ # dict
               cb_date:00000000,
               cb_event_type:purchase,
               cb_quantity:490.0,
               cb_reason:TBD_cost_basis,
               cb_share_price:0.00,
               cb_total_value:0.00,
            }, # dict:cb_event
         ], # list:cost_basis
         curr_quantity:500.0,
         curr_share_price:53.02,
         curr_total_value:26510.00,
         description:TBD,
         history:TBD_history,
         inv_ID:52,
         name:Vanguard Energy,
         name_short:Vanguard Energy,
         owner:owner1,
         owner_short:os1,
         retirement_class:Roth_IRA,
         retirement_class_short:Roth_IRA,
         status:active,
         symbol:VGENX,
         tvh_total_value:0.00,
      }, # dict:Investment
      Investment:{ # dict
         filename:demo_data_file.xml,
         file_line_num:1468,
         account_ID:46777,
         asset_class:Small_Growth,
         brokerage:Vanguard,
         cost_basis[ # list
            cb_event:{ # dict
               cb_date:00000000,
               cb_event_type:purchase,
               cb_quantity:500.0,
               cb_reason:TBD_cost_basis,
               cb_share_price:0.00,
               cb_total_value:0.00,
            }, # dict:cb_event
         ], # list:cost_basis
         curr_quantity:510.0,
         curr_share_price:49.17,
         curr_total_value:25076.70,
         description:TBD,
         history:TBD_history,
         inv_ID:53,
         name:Vanguard Small-Cap Growth Idx,
         name_short:Vanguard Small Growth,
         owner:owner2,
         owner_short:os2,
         retirement_class:Roth_IRA,
         retirement_class_short:Roth_IRA,
         status:active,
         symbol:VSGAX,
         tvh_total_value:0.00,
      }, # dict:Investment
      Investment:{ # dict
         filename:demo_data_file.xml,
         file_line_num:1500,
         account_ID:47777,
         asset_class:Mid_Value,
         asset_class_from_web:Mid-Cap Blend,
         brokerage:Vanguard,
         cost_basis[ # list
            cb_event:{ # dict
               cb_date:00000000,
               cb_event_type:purchase,
               cb_quantity:510.0,
               cb_reason:TBD_cost_basis,
               cb_share_price:0.00,
               cb_total_value:0.00,
            }, # dict:cb_event
         ], # list:cost_basis
         curr_quantity:520.0,
         curr_share_price:12.29,
         curr_total_value:6390.80,
         description:TBD,
         history:TBD_history,
         inv_ID:54,
         name:Vanguard Capital Value,
         name_short:Vanguard Capital Value,
         owner:owner1,
         owner_short:os1,
         retirement_class:Traditional_IRA,
         retirement_class_short:Trad_IRA,
         status:active,
         symbol:VCVLX,
         tvh_total_value:0.00,
      }, # dict:Investment
      Investment:{ # dict
         filename:demo_data_file.xml,
         file_line_num:1533,
         account_ID:48777,
         asset_class:Large_Blend,
         brokerage:Vanguard,
         cost_basis[ # list
            cb_event:{ # dict
               cb_date:00000000,
               cb_event_type:purchase,
               cb_quantity:520.0,
               cb_reason:TBD_cost_basis,
               cb_share_price:0.00,
               cb_total_value:0.00,
            }, # dict:cb_event
         ], # list:cost_basis
         curr_quantity:530.0,
         curr_share_price:24.11,
         curr_total_value:12778.30,
         description:TBD,
         history:TBD_history,
         inv_ID:55,
         name:Vanguard Dividend Growth,
         name_short:Vanguard Dividend Growth,
         owner:owner2,
         owner_short:os2,
         retirement_class:Traditional_IRA,
         retirement_class_short:Trad_IRA,
         status:active,
         symbol:VDIGX,
         tvh_total_value:0.00,
      }, # dict:Investment
      Investment:{ # dict
         filename:demo_data_file.xml,
         file_line_num:1565,
         account_ID:50777,
         asset_class:Large_Value,
         brokerage:Vanguard,
         cost_basis[ # list
            cb_event:{ # dict
               cb_date:00000000,
               cb_event_type:purchase,
               cb_quantity:540.0,
               cb_reason:TBD_cost_basis,
               cb_share_price:27.06,
               cb_total_value:14612.40,
            }, # dict:cb_event
         ], # list:cost_basis
         curr_quantity:550.0,
         curr_share_price:33.23,
         curr_total_value:18276.50,
         description:TBD,
         history:TBD_history,
         inv_ID:57,
         name:Vanguard Equity Income,
         name_short:Vanguard Equity Income,
         owner:owner2,
         owner_short:os2,
         retirement_class:Traditional_IRA,
         retirement_class_short:Trad_IRA,
         status:active,
         symbol:VEIPX,
         tvh_total_value:0.00,
      }, # dict:Investment
      Investment:{ # dict
         filename:demo_data_file.xml,
         file_line_num:1597,
         account_ID:51777,
         asset_class:Global,
         brokerage:Vanguard,
         cost_basis[ # list
            cb_event:{ # dict
               cb_date:00000000,
               cb_event_type:purchase,
               cb_quantity:550.0,
               cb_reason:TBD_cost_basis,
               cb_share_price:0.00,
               cb_total_value:0.00,
            }, # dict:cb_event
         ], # list:cost_basis
         curr_quantity:560.0,
         curr_share_price:26.09,
         curr_total_value:14610.40,
         description:TBD,
         history:TBD_history,
         inv_ID:58,
         name:Vanguard Global Equity,
         name_short:Vanguard Global Equity,
         owner:owner1,
         owner_short:os1,
         retirement_class:Traditional_IRA,
         retirement_class_short:Trad_IRA,
         status:active,
         symbol:VHGEX,
         tvh_total_value:0.00,
      }, # dict:Investment
      Investment:{ # dict
         filename:demo_data_file.xml,
         file_line_num:1629,
         account_ID:52777,
         asset_class:Energy,
         brokerage:Vanguard,
         cost_basis[ # list
            cb_event:{ # dict
               cb_date:00000000,
               cb_event_type:purchase,
               cb_quantity:560.0,
               cb_reason:TBD_cost_basis,
               cb_share_price:0.00,
               cb_total_value:0.00,
            }, # dict:cb_event
         ], # list:cost_basis
         curr_quantity:570.0,
         curr_share_price:53.02,
         curr_total_value:30221.40,
         description:TBD,
         history:TBD_history,
         inv_ID:59,
         name:Vanguard Energy,
         name_short:Vanguard Energy,
         owner:owner2,
         owner_short:os2,
         retirement_class:Roth_IRA,
         retirement_class_short:Roth_IRA,
         status:active,
         symbol:VGENX,
         tvh_total_value:0.00,
      }, # dict:Investment
   ], # list:Investments
}, # dict:top

