
Processing: user_runstring = ./Portfolio.py --price_web_update --pt add:Small_Growth,Non_Retirement,30000:Energy,Non_Retirement,15000:Large_Value,Non_Retirement,15000:Global,Non_Retirement,15000:REIT,Non_Retirement,15000:Healthcare,Non_Retirement,15000%lp_diff --pfile demo_data_file.xml

Processing: --price_web_update

Processing:  --pt add:Small_Growth,Non_Retirement,30000:Energy,Non_Retirement,15000:Large_Value,Non_Retirement,15000:Global,Non_Retirement,15000:REIT,Non_Retirement,15000:Healthcare,Non_Retirement,15000

Processing: --pt add:Small_Growth,Non_Retirement,30000:Energy,Non_Retirement,15000:Large_Value,Non_Retirement,15000:Global,Non_Retirement,15000:REIT,Non_Retirement,15000:Healthcare,Non_Retirement,15000

Processing:  --pt lp_diff

What to invest in next = has the lowest percents = at the top of the list--
----------------------------------------------------------------------------
List includes Bonds and Individual_Stocks but they are pushed down to the bottom of the lists.
------------------------------------------------------------------------------------------------------------------------------------------------------------------------------
                    Before                        After                        Before                        After                        Before                         After
Asset                Tot_%    Asset               Tot_%    Asset                Ret_%    Asset               Ret_%    Asset                Non_%    Asset                Non_%
Small_Value           2.24    Small_Value          2.24    Mid_Blend_Aggress     0.00    Mid_Blend_Aggress    0.00    Global                2.73    Global                2.73
Small_Blend           2.66    Small_Blend          2.66    Small_Value           0.55    Small_Value          0.55    Large_Value           4.30    Large_Value           4.30
Healthcare            3.04    Healthcare           3.04    Healthcare            0.81    Healthcare           0.81    Small_Growth          4.49    Small_Growth          4.49
Large_Blend           5.13    Large_Blend          5.13    Small_Blend           0.84    Small_Blend          0.84    Small_Value           4.80    Small_Value           4.80
Large_Value           5.55    Large_Value          5.55    Large_Blend           4.55    Large_Blend          4.55    Mid_Growth            4.95    Mid_Growth            4.95
Mid_Value             6.28    Mid_Value            6.28    Mid_Value             5.88    Mid_Value            5.88    Small_Blend           5.41    Small_Blend           5.41
Global                6.76    Global               6.76    Large_Value           6.38    Large_Value          6.38    Energy                5.46    Energy                5.46
Mid_Blend_Aggress     8.56    Mid_Blend_Aggress    8.56    Global                9.43    Global               9.43    Large_Blend           6.02    Large_Blend           6.02
Small_Growth          9.67    Small_Growth         9.67    Small_Growth         13.09    Small_Growth        13.09    Healthcare            6.42    Healthcare            6.42
Mid_Growth           10.33    Mid_Growth          10.33    Mid_Growth           13.88    Mid_Growth          13.88    Mid_Value             6.88    Mid_Value             6.88
Energy               10.69    Energy              10.69    Energy               14.14    Energy              14.14    Large_Growth          9.17    Large_Growth          9.17
REIT                 12.66    REIT                12.66    REIT                 14.68    REIT                14.68    REIT                  9.59    REIT                  9.59
Large_Growth         13.14    Large_Growth        13.14    Large_Growth         15.76    Large_Growth        15.76    Mid_Blend_Aggress    21.53    Mid_Blend_Aggress    21.53
Individual_Stocks     3.28    Individual_Stocks    3.28    Individual_Stocks     0.00    Individual_Stocks    0.00    Individual_Stocks     8.25    Individual_Stocks     8.25
Totals               99.99                        99.99                         99.99                        99.99                        100.00                        100.00

